// Jest Snapshot v1, https://goo.gl/fbAQLP

exports[`Tooltip should render container 1`] = `
<div class="tooltipContainer notranslate tooltipContainerOpen">
  <div class="tooltip">
    <div class="tooltipContents">
      <div>
        <div class="tooltipName">Test Name</div>
        <div class="tooltipPosition tooltipPosition--orange">Test Position</div>
        <div class="tooltipMessage">Test Message</div>
      </div>
      <div class="closeButton">
        <svg width="8" height="8">
          <path class="crossIcon--orange" fill-rule="nonzero" d="M4 2.586L6.293.293a1 1 0 0 1 1.414 1.414L5.414 4l2.293 2.293a1 1 0 0 1-1.414 1.414L4 5.414 1.707 7.707A1 1 0 0 1 .293 6.293L2.586 4 .293 1.707A1 1 0 0 1 1.707.293L4 2.586z"></path>
        </svg>
      </div>
    </div>
  </div>
</div>
`;
